#-----------------------------------------------------------
# Vivado v2024.1 (64-bit)
# SW Build 5076996 on Wed May 22 18:37:14 MDT 2024
# IP Build 5075265 on Wed May 22 21:45:21 MDT 2024
# SharedData Build 5076995 on Wed May 22 18:29:18 MDT 2024
# Start of session at: Thu Jul 10 16:05:19 2025
# Process ID: 26556
# Current directory: C:/Xilinx/Vitis/aup-zu3-bsp/hw/hw/hw.runs/hw_system_management_wiz_0_0_synth_1
# Command line: vivado.exe -log hw_system_management_wiz_0_0.vds -product Vivado -mode batch -messageDb vivado.pb -notrace -source hw_system_management_wiz_0_0.tcl
# Log file: C:/Xilinx/Vitis/aup-zu3-bsp/hw/hw/hw.runs/hw_system_management_wiz_0_0_synth_1/hw_system_management_wiz_0_0.vds
# Journal file: C:/Xilinx/Vitis/aup-zu3-bsp/hw/hw/hw.runs/hw_system_management_wiz_0_0_synth_1\vivado.jou
# Running On        :Desktop-Swati
# Platform          :Windows Server 2016 or Windows 10
# Operating System  :26100
# Processor Detail  :Intel(R) Core(TM) i7-10610U CPU @ 1.80GHz
# CPU Frequency     :2304 MHz
# CPU Physical cores:4
# CPU Logical cores :8
# Host memory       :16924 MB
# Swap memory       :16924 MB
# Total Virtual     :33849 MB
# Available Virtual :14105 MB
#-----------------------------------------------------------
source hw_system_management_wiz_0_0.tcl -notrace
